// Jest Snapshot v1, https://goo.gl/fbAQLP

exports[`Checkbox should shallow render 1`] = `
<input
  name="textbox"
  onChange={[Function]}
  type="text"
  value=""
/>
`;
